[cityrestorationcentre.org/index.html]
[backblue.gif]
[fade.gif]
[index.html]
[cityrestorationcentre.org/images/header/favicon.png]
[cityrestorationcentre.org/images/header/preloader.gif]
[cityrestorationcentre.org/index-2.html]
[cityrestorationcentre.org/images/header/logo.jpg]
[cityrestorationcentre.org/about.html]
[cityrestorationcentre.org/homegroup.html]
[cityrestorationcentre.org/tithes.html]
[cityrestorationcentre.org/event_single.html]
[cityrestorationcentre.org/sermons.html]
[cityrestorationcentre.org/podcast.html]
[cityrestorationcentre.org/gallery_II.html]
[cityrestorationcentre.org/gallery_III.html]
[cityrestorationcentre.org/gallery_IV.html]
[cityrestorationcentre.org/contact.html]
[cityrestorationcentre.org/images/header/slider_logo.png]
[cityrestorationcentre.org/images/header/event_icon.png]
[cityrestorationcentre.org/images/content/causes/causes_single_img1.jpg]
[cityrestorationcentre.org/images/content/about_img.jpg]
[cityrestorationcentre.org/images/content/gallery/filter_img1.jpg]
[cityrestorationcentre.org/images/content/gallery/filter_img2.jpg]
[cityrestorationcentre.org/images/content/gallery/filter_img3.jpg]
[cityrestorationcentre.org/images/content/gallery/filter_img4.jpg]
[cityrestorationcentre.org/images/content/gallery/filter_img5.jpg]
[cityrestorationcentre.org/images/content/gallery/filter_img6.jpg]
[cityrestorationcentre.org/images/content/client_img.jpg]
[cityrestorationcentre.org/images/content/event_img1.jpg]
[cityrestorationcentre.org/images/content/event_img2.jpg]
[cityrestorationcentre.org/images/content/serm_img1.jpg]
[cityrestorationcentre.org/images/content/blog_img1.jpg]
[cityrestorationcentre.org/images/content/blog_img2.jpg]
[cityrestorationcentre.org/images/content/twitter_icon.png]
[cityrestorationcentre.org/images/header/footer_logo.jpg]
[cityrestorationcentre.org/images/content/footer_news1.jpg]
[cityrestorationcentre.org/images/content/footer_news2.jpg]
[cityrestorationcentre.org/images/content/footer_insta_img1.jpg]
[cityrestorationcentre.org/images/content/footer_insta_img2.jpg]
[cityrestorationcentre.org/images/content/footer_insta_img3.jpg]
[cityrestorationcentre.org/images/content/footer_insta_img4.jpg]
[cityrestorationcentre.org/images/content/footer_insta_img5.jpg]
[cityrestorationcentre.org/images/content/footer_insta_img6.jpg]
[cityrestorationcentre.org/js/jquery_min.js]
[cityrestorationcentre.org/js/bootstrap.js]
[cityrestorationcentre.org/js/jquery.menu-aim.js]
[cityrestorationcentre.org/js/owl.carousel.js]
[cityrestorationcentre.org/js/jquery.shuffle.min.js]
[cityrestorationcentre.org/js/modernizr.js]
[cityrestorationcentre.org/js/jquery.magnific-popup.js]
[cityrestorationcentre.org/js/jquery.countTo.js]
[cityrestorationcentre.org/js/jquery.inview.min.js]
[cityrestorationcentre.org/js/custom2.js]
[cityrestorationcentre.org/index.html]
[cityrestorationcentre.org/css/animate.css]
[cityrestorationcentre.org/fonts/glyphicons-halflings-regular.eot]
[cityrestorationcentre.org/fonts/glyphicons-halflings-regular-1.eot]
[cityrestorationcentre.org/fonts/glyphicons-halflings-regular.woff]
[cityrestorationcentre.org/fonts/glyphicons-halflings-regular.ttf]
[cityrestorationcentre.org/css/bootstrap.css]
[cityrestorationcentre.org/fonts/fontawesome-webfont.eot]
[cityrestorationcentre.org/fonts/fontawesome-webfont-1.eot]
[cityrestorationcentre.org/fonts/fontawesome-webfont.woff]
[cityrestorationcentre.org/fonts/fontawesome-webfont.ttf]
[cityrestorationcentre.org/css/font-awesome.css]
[cityrestorationcentre.org/css/owl.carousel.css]
[cityrestorationcentre.org/css/owl.theme.default.css]
[cityrestorationcentre.org/css/magnific-popup.css]
[cityrestorationcentre.org/css/fonts.css]
[cityrestorationcentre.org/css/reset.css]
[cityrestorationcentre.org/images/header/slider_img2.jpg]
[cityrestorationcentre.org/images/content/timerdot.png]
[cityrestorationcentre.org/images/content/footer_bg.jpg]
[cityrestorationcentre.org/css/style2.css]
[cityrestorationcentre.org/index-2.html]
[cityrestorationcentre.org/images/content/about/story_img.jpg]
[cityrestorationcentre.org/images/content/about/team1.jpg]
[cityrestorationcentre.org/js/custom.js]
[cityrestorationcentre.org/about.html]
[cityrestorationcentre.org/images/content/town_homegroup.jpg]
[cityrestorationcentre.org/images/content/northen.jpg]
[cityrestorationcentre.org/images/content/chadcombe.jpg]
[cityrestorationcentre.org/images/content/mabelreign.jpg]
[cityrestorationcentre.org/images/content/westgate.jpg]
[cityrestorationcentre.org/images/content/marlborough.jpg]
[cityrestorationcentre.org/images/content/zimre.jpg]
[cityrestorationcentre.org/images/content/testi_slider_logo.png]
[cityrestorationcentre.org/homegroup.html]
[cityrestorationcentre.org/images/content/blog_categories/left_img1.jpg]
[cityrestorationcentre.org/images/content/blog_categories/quote.png]
[cityrestorationcentre.org/images/content/blog_categories/single_img1.jpg]
[cityrestorationcentre.org/images/content/blog_categories/single_img2.jpg]
[cityrestorationcentre.org/images/content/blog_categories/single_img3.jpg]
[cityrestorationcentre.org/images/content/footer_news3.jpg]
[cityrestorationcentre.org/tithes.html]
[cityrestorationcentre.org/images/content/blog_categories/left_img2.jpg]
[cityrestorationcentre.org/images/content/blog_categories/left_img3.jpg]
[cityrestorationcentre.org/images/content/event_img3.jpg]
[cityrestorationcentre.org/images/header/map_icon.png]
[cityrestorationcentre.org/event_single.html]
[cityrestorationcentre.org/images/content/serm_img2.jpg]
[cityrestorationcentre.org/images/content/serm_img3.jpg]
[cityrestorationcentre.org/images/content/serm_img4.jpg]
[cityrestorationcentre.org/images/content/serm_img5.jpg]
[cityrestorationcentre.org/sermons.html]
[cityrestorationcentre.org/images/content/blog_categories/admin_img.jpg]
[cityrestorationcentre.org/podcast.html]
[cityrestorationcentre.org/images/content/gallery/filter_img7.jpg]
[cityrestorationcentre.org/images/content/gallery/filter_img8.jpg]
[cityrestorationcentre.org/gallery_II.html]
[cityrestorationcentre.org/gallery_III.html]
[cityrestorationcentre.org/gallery_IV.html]
[cityrestorationcentre.org/contact.html]
[cityrestorationcentre.org/index2.html]
[cityrestorationcentre.org/fonts/glyphicons-halflings-regular.html]
[cityrestorationcentre.org/fonts/glyphicons-halflings-regular.svg]
[cityrestorationcentre.org/fonts/fontawesome-webfont.html]
[cityrestorationcentre.org/fonts/fontawesome-webfont.svg]
[cityrestorationcentre.org/css/owl.video.play.html]
[cityrestorationcentre.org/s/droidserif/v7/0AKsP294HTD-nvJgucYTaI4P5ICox8Kq3LLUNMylGO4.html]
[cityrestorationcentre.org/s/droidserif/v7/QQt14e8dY39u-eYBZmppwYlIZu-HDpmDIZMigmsroc4.html]
[cityrestorationcentre.org/s/droidserif/v7/cj2hUnSRBhwmSPr9kS5898u2Q0OS-KeTAWjgkS85mDg.html]
[cityrestorationcentre.org/s/droidserif/v7/c92rD_x0V1LslSFt3-QEpo9ObOXPY1wUIXqKtDjSdsY.html]
[cityrestorationcentre.org/s/greatvibes/v4/6q1c0ofG6NKsEhAc2eh-3SYE0-AqJ3nfInTTiDXDjU4.html]
[cityrestorationcentre.org/s/greatvibes/v4/6q1c0ofG6NKsEhAc2eh-3Y4P5ICox8Kq3LLUNMylGO4.html]
[cityrestorationcentre.org/s/lato/v13/dPJ5r9gl3kK6ijoeP1IRsvY6323mHUZFJMgTvxaG2iE.html]
[cityrestorationcentre.org/s/lato/v13/EsvMC5un3kjyUhB9ZEPPwg.html]
[cityrestorationcentre.org/s/lato/v13/UyBMtLsHKBKXelqf4x7VRQ.html]
[cityrestorationcentre.org/s/lato/v13/1YwB1sO8YE1Lyjf12WNiUA.html]
[cityrestorationcentre.org/s/lato/v13/ObQr5XYcoH0WBoUxiaYK3_Y6323mHUZFJMgTvxaG2iE.html]
[cityrestorationcentre.org/s/lato/v13/H2DMvhDLycM56KNuAtbJYA.html]
[cityrestorationcentre.org/s/lato/v13/R4a6fty3waPci7C44H8AjvY6323mHUZFJMgTvxaG2iE.html]
[cityrestorationcentre.org/s/lato/v13/tI4j516nok_GrVf4dhunkg.html]
[cityrestorationcentre.org/s/raleway/v12/Ji5epXNcpHu3r63lhS0cTiEAvth_LlrfE80CYdSH47w.html]
[cityrestorationcentre.org/s/raleway/v12/PKCRbVvRfd5n7BTjtGiFZPk_vArhqVIZ0nv9q090hN8.html]
[cityrestorationcentre.org/s/raleway/v12/1Ptqg8zYS_SKggPNyCgwLrFmJfWmxA.html]
[cityrestorationcentre.org/s/raleway/v12/1Ptqg8zYS_SKggPNyCgwLrFoJfU.html]
[cityrestorationcentre.org/s/raleway/v12/1Ptpg8zYS_SKggPNyCgwgqB_DNCb_Vo.html]
[cityrestorationcentre.org/s/raleway/v12/1Ptpg8zYS_SKggPNyCgwgqB_AtCb.html]
[cityrestorationcentre.org/s/raleway/v12/1Ptpg8zYS_SKggPNyCgw5qN_DNCb_Vo.html]
[cityrestorationcentre.org/s/raleway/v12/1Ptpg8zYS_SKggPNyCgw5qN_AtCb.html]
[cityrestorationcentre.org/s/raleway/v12/1Ptsg8zYS_SKggPNyCg4Q4FqPfE.html]
[cityrestorationcentre.org/s/raleway/v12/1Ptsg8zYS_SKggPNyCg4TYFq.html]
[cityrestorationcentre.org/s/raleway/v12/1Ptpg8zYS_SKggPNyCgwvqJ_DNCb_Vo.html]
[cityrestorationcentre.org/s/raleway/v12/1Ptpg8zYS_SKggPNyCgwvqJ_AtCb.html]
[cityrestorationcentre.org/s/raleway/v12/1Ptpg8zYS_SKggPNyCgwkqV_DNCb_Vo.html]
[cityrestorationcentre.org/s/raleway/v12/1Ptpg8zYS_SKggPNyCgwkqV_AtCb.html]
[cityrestorationcentre.org/s/raleway/v12/1Ptpg8zYS_SKggPNyCgw9qR_DNCb_Vo.html]
[cityrestorationcentre.org/s/raleway/v12/1Ptpg8zYS_SKggPNyCgw9qR_AtCb.html]
[cityrestorationcentre.org/s/raleway/v12/1Ptpg8zYS_SKggPNyCgw6qd_DNCb_Vo.html]
[cityrestorationcentre.org/s/raleway/v12/1Ptpg8zYS_SKggPNyCgw6qd_AtCb.html]
[cityrestorationcentre.org/s/raleway/v12/1Ptsg8zYS_SKggPNwE44Q4FqPfE.html]
[cityrestorationcentre.org/s/raleway/v12/1Ptsg8zYS_SKggPNwE44TYFq.html]
[cityrestorationcentre.org/s/raleway/v12/1Ptrg8zYS_SKggPNwOIpWqhPAMif.html]
[cityrestorationcentre.org/s/raleway/v12/1Ptrg8zYS_SKggPNwOIpWqZPAA.html]
[cityrestorationcentre.org/s/raleway/v12/1Ptrg8zYS_SKggPNwIYqWqhPAMif.html]
[cityrestorationcentre.org/s/raleway/v12/1Ptrg8zYS_SKggPNwIYqWqZPAA.html]
[cityrestorationcentre.org/s/raleway/v12/1Ptug8zYS_SKggPNyCMIT5lu.html]
[cityrestorationcentre.org/s/raleway/v12/1Ptug8zYS_SKggPNyC0ITw.html]
[cityrestorationcentre.org/s/raleway/v12/1Ptrg8zYS_SKggPNwN4rWqhPAMif.html]
[cityrestorationcentre.org/s/raleway/v12/1Ptrg8zYS_SKggPNwN4rWqZPAA.html]
[cityrestorationcentre.org/s/raleway/v12/1Ptrg8zYS_SKggPNwPIsWqhPAMif.html]
[cityrestorationcentre.org/s/raleway/v12/1Ptrg8zYS_SKggPNwPIsWqZPAA.html]
[cityrestorationcentre.org/s/raleway/v12/1Ptrg8zYS_SKggPNwJYtWqhPAMif.html]
[cityrestorationcentre.org/s/raleway/v12/1Ptrg8zYS_SKggPNwJYtWqZPAA.html]
[cityrestorationcentre.org/s/raleway/v12/1Ptrg8zYS_SKggPNwIouWqhPAMif.html]
[cityrestorationcentre.org/s/raleway/v12/1Ptrg8zYS_SKggPNwIouWqZPAA.html]
[cityrestorationcentre.org/s/permanentmarker/v7/Fh4uPib9Iyv2ucM6pGQMWimMp004La2Cfw.html]
[cityrestorationcentre.org/img/nucleo-icon-1.html]
[cityrestorationcentre.org/img/nucleo-icon-2.html]
[cityrestorationcentre.org/img/nucleo-icon-3.html]
[cityrestorationcentre.org/img/nucleo-icon-4.html]
[cityrestorationcentre.org/img/nucleo-icon-5.html]
[cityrestorationcentre.org/img/nucleo-icon-6.html]
[cityrestorationcentre.org/img/nucleo-icon-7.html]
[cityrestorationcentre.org/img/nucleo-icon-8.html]
[cityrestorationcentre.org/img/nucleo-icon-9.html]
[cityrestorationcentre.org/img/nucleo-icon-10.html]
[cityrestorationcentre.org/img/nucleo-icon-11.html]
[cityrestorationcentre.org/img/nucleo-icon-12.html]
[cityrestorationcentre.org/images/content/player_img.jpg]
[cityrestorationcentre.org/images/content/about_bg.jpg]
[cityrestorationcentre.org/images/content/testi_slider_bg.jpg]
[cityrestorationcentre.org/images/content/sermons_bg.jpg]
[cityrestorationcentre.org/images/content/testi_bg.jpg]
[cityrestorationcentre.org/images/content/ceremony_img.jpg]
[cityrestorationcentre.org/images/content/video_bg.jpg]
[cityrestorationcentre.org/images/content/about/title_img.jpg]
[cityrestorationcentre.org/css/style.css]
[cityrestorationcentre.org/images/pattern.html]
[cityrestorationcentre.org/maps/api/js9853.html]
